// Jest Snapshot v1, https://goo.gl/fbAQLP

exports[`<Example/> should render 1`] = `null`;
